eeschema (2013-07-07 BZR 4022)-stable  >> Creation date: 2/9/2014 6:18:12 PM
#Cmp ( order = Reference )
| BUT_0      DPST        
| BUT_1      DPST        
| C1         1uF         
| C2         100nF       
| C3         1uF         
| C4         10uF        
| C5         1uF         
| C6         1uF         
| C7         10uF        
| C8         100nF       
| C9         100nF       
| C10        30pF        
| C11        30pF        
| C12        100nF       
| C13        220nF       
| C14        100nF       
| C15        10nF        
| C16        10nF        
| C17        1uF         
| CON1       DC_IN       
| D1         DIODE       
| D2         Power_LED   
| D3         DIODE       
| D4         DIODE       
| D5         DIODE       
| D6         DIODE       
| D7         DIODE       
| D8         DIODE       
| D9         DIODE       
| D10        DIODE       
| ICSP1      CONN_6      
| J1         USB         
| LED0       LED         
| LED1       LED         
| LED2       LED         
| LED3       LED         
| MOT1       CONN_2      
| MOT2       CONN_2      
| P4         CONN_8X2    
| P5         CONN_8X2    
| P6         CONN_6X2    
| P7         CONN_8X2    
| P8         CONN_8      
| P9         CONN_8      
| P10        CONN_6      
| P11        CONN_8      
| P12        CONN_6X2    
| P13        CONN_6      
| P14        CONN_25     
| P15        CONN_5      
| P16        CONN_25     
| P17        CONN_20     
| P18        CONN_20     
| P19        CONN_20     
| P20        CONN_20     
| P21        CONN_20     
| P22        CONN_20     
| P23        CONN_20     
| P24        CONN_20     
| P25        CONN_20     
| P26        CONN_20     
| P27        CONN_20     
| P28        CONN_20     
| P29        CONN_20     
| P30        CONN_20     
| P31        CONN_20     
| P32        CONN_20     
| P33        CONN_20     
| P34        CONN_20     
| P35        CONN_20     
| P36        CONN_20     
| P37        CONN_20     
| P38        CONN_20     
| P39        CONN_20     
| P40        CONN_20     
| P41        CONN_20     
| POW_SEL1   CONN_3      
| PWM1       CONN_3      
| PWM2       CONN_3      
| R1         220         
| R2         1k          
| R3         1k          
| R4         10k         
| R5         220         
| R6         220         
| R7         220         
| R8         220         
| R9         10k         
| R10        10k         
| Reset1     DPST        
| U1         7805        
| U2         L293        
| U3         PIC18F4550  
| X1         4MHz        
#End Cmp

#Cmp ( order = Value )
| 30pF         C10       
| 30pF         C11       
| 10nF         C15       
| 10nF         C16       
| 100nF        C2        
| 100nF        C8        
| 100nF        C9        
| 100nF        C12       
| 100nF        C14       
| 220nF        C13       
| 1uF          C1        
| 1uF          C3        
| 1uF          C5        
| 1uF          C6        
| 1uF          C17       
| 10uF         C4        
| 10uF         C7        
| DC_IN        CON1      
| DIODE        D1        
| Power_LED    D2        
| DIODE        D3        
| DIODE        D4        
| DIODE        D5        
| DIODE        D6        
| DIODE        D7        
| DIODE        D8        
| DIODE        D9        
| DIODE        D10       
| CONN_6       ICSP1     
| USB          J1        
| LED          LED0      
| LED          LED1      
| LED          LED2      
| LED          LED3      
| CONN_2       MOT1      
| CONN_2       MOT2      
| CONN_8X2     P4        
| CONN_8X2     P5        
| CONN_6X2     P6        
| CONN_8X2     P7        
| CONN_8       P8        
| CONN_8       P9        
| CONN_6       P10       
| CONN_8       P11       
| CONN_6X2     P12       
| CONN_6       P13       
| CONN_25      P14       
| CONN_5       P15       
| CONN_25      P16       
| CONN_20      P17       
| CONN_20      P18       
| CONN_20      P19       
| CONN_20      P20       
| CONN_20      P21       
| CONN_20      P22       
| CONN_20      P23       
| CONN_20      P24       
| CONN_20      P25       
| CONN_20      P26       
| CONN_20      P27       
| CONN_20      P28       
| CONN_20      P29       
| CONN_20      P30       
| CONN_20      P31       
| CONN_20      P32       
| CONN_20      P33       
| CONN_20      P34       
| CONN_20      P35       
| CONN_20      P36       
| CONN_20      P37       
| CONN_20      P38       
| CONN_20      P39       
| CONN_20      P40       
| CONN_20      P41       
| CONN_3       PWM1      
| CONN_3       PWM2      
| 220          R1        
| 220          R5        
| 220          R6        
| 220          R7        
| 220          R8        
| 1k           R2        
| 1k           R3        
| 10k          R4        
| 10k          R9        
| 10k          R10       
| DPST         Reset1    
| 7805         U1        
| L293         U2        
| PIC18F4550   U3        
| DPST         BUT_0     
| 4MHz         X1        
| CONN_3       POW_SEL1  
| DPST         BUT_1     
#End Cmp

#End List
